// Jest Snapshot v1, https://goo.gl/fbAQLP

exports[`<Header /> should render correctly 1`] = `
<header
  className="sc-bdVaJa fctiBP"
>
  Five Day Forecast
</header>
`;
